// Jest Snapshot v1, https://goo.gl/fbAQLP

exports[`Pruebas en <GifItem /> Debe hacer match con el snapshot 1`] = `
<div>
  <div
    class="card"
  >
    <img
      alt="Hello Kitty"
      src="https://hello-kitty.com/hello-kitty.jpg"
    />
    <p>
      Hello Kitty
    </p>
  </div>
</div>
`;
